---
source: niri-lua/src/extractors.rs
expression: "(empty_result, both_result, zero_proportion_result, zero_fixed_result,)"
---
(
    None,
    Some(
        Proportion(
            0.5,
        ),
    ),
    Some(
        Proportion(
            0.0,
        ),
    ),
    Some(
        Fixed(
            0,
        ),
    ),
)
