---
source: niri-lua/src/plugin_system.rs
assertion_line: 657
expression: "&metadata"
---
PluginMetadata {
    name: "example-plugin",
    version: "1.2.3",
    author: Some(
        "Test Author",
    ),
    description: Some(
        "A test plugin",
    ),
    license: Some(
        "MIT",
    ),
    dependencies: [
        "dep1",
        "dep2",
    ],
}
