---
source: niri-lua/src/api_registry.rs
expression: signatures
---
[
    "niri.action::center_column() -> ()",
    "niri.action::center_visible_columns() -> ()",
    "niri.action::center_window() -> ()",
    "niri.action::clear_dynamic_cast_target() -> ()",
    "niri.action::close_overview() -> ()",
    "niri.action::close_window() -> ()",
    "niri.action::consume_or_expel_window_left() -> ()",
    "niri.action::consume_or_expel_window_right() -> ()",
    "niri.action::consume_window_into_column() -> ()",
    "niri.action::debug_toggle_damage() -> ()",
    "niri.action::debug_toggle_opaque_regions() -> ()",
    "niri.action::do_screen_transition(delay: boolean) -> ()",
    "niri.action::expand_column_to_available_width() -> ()",
    "niri.action::expel_window_from_column() -> ()",
    "niri.action::focus_column(index: integer) -> ()",
    "niri.action::focus_column_first() -> ()",
    "niri.action::focus_column_last() -> ()",
    "niri.action::focus_column_left() -> ()",
    "niri.action::focus_column_left_or_last() -> ()",
    "niri.action::focus_column_or_monitor_left() -> ()",
    "niri.action::focus_column_or_monitor_right() -> ()",
    "niri.action::focus_column_right() -> ()",
    "niri.action::focus_column_right_or_first() -> ()",
    "niri.action::focus_floating() -> ()",
    "niri.action::focus_monitor(name: string) -> ()",
    "niri.action::focus_monitor_down() -> ()",
    "niri.action::focus_monitor_left() -> ()",
    "niri.action::focus_monitor_next() -> ()",
    "niri.action::focus_monitor_previous() -> ()",
    "niri.action::focus_monitor_right() -> ()",
    "niri.action::focus_monitor_up() -> ()",
    "niri.action::focus_tiling() -> ()",
    "niri.action::focus_window(window_id: integer) -> ()",
    "niri.action::focus_window_down() -> ()",
    "niri.action::focus_window_down_or_column_left() -> ()",
    "niri.action::focus_window_down_or_column_right() -> ()",
    "niri.action::focus_window_in_column(index: integer) -> ()",
    "niri.action::focus_window_or_monitor_down() -> ()",
    "niri.action::focus_window_or_monitor_up() -> ()",
    "niri.action::focus_window_previous() -> ()",
    "niri.action::focus_window_up() -> ()",
    "niri.action::focus_window_up_or_column_left() -> ()",
    "niri.action::focus_window_up_or_column_right() -> ()",
    "niri.action::focus_workspace(reference: WorkspaceReference) -> ()",
    "niri.action::focus_workspace_down() -> ()",
    "niri.action::focus_workspace_previous() -> ()",
    "niri.action::focus_workspace_up() -> ()",
    "niri.action::fullscreen_window() -> ()",
    "niri.action::load_config_file() -> ()",
    "niri.action::maximize_column() -> ()",
    "niri.action::maximize_window_to_edges() -> ()",
    "niri.action::move_column_left() -> ()",
    "niri.action::move_column_left_or_to_monitor_left() -> ()",
    "niri.action::move_column_right() -> ()",
    "niri.action::move_column_right_or_to_monitor_right() -> ()",
    "niri.action::move_column_to_first() -> ()",
    "niri.action::move_column_to_index(index: integer) -> ()",
    "niri.action::move_column_to_last() -> ()",
    "niri.action::move_column_to_monitor(name: string) -> ()",
    "niri.action::move_column_to_monitor_down() -> ()",
    "niri.action::move_column_to_monitor_left() -> ()",
    "niri.action::move_column_to_monitor_next() -> ()",
    "niri.action::move_column_to_monitor_previous() -> ()",
    "niri.action::move_column_to_monitor_right() -> ()",
    "niri.action::move_column_to_monitor_up() -> ()",
    "niri.action::move_column_to_workspace(reference: WorkspaceReference) -> ()",
    "niri.action::move_column_to_workspace_down() -> ()",
    "niri.action::move_column_to_workspace_up() -> ()",
    "niri.action::move_floating_window(x: PositionChange, y: PositionChange) -> ()",
    "niri.action::move_window_down() -> ()",
    "niri.action::move_window_down_or_to_workspace_down() -> ()",
    "niri.action::move_window_to_floating() -> ()",
    "niri.action::move_window_to_monitor(name: string) -> ()",
    "niri.action::move_window_to_monitor_down() -> ()",
    "niri.action::move_window_to_monitor_left() -> ()",
    "niri.action::move_window_to_monitor_next() -> ()",
    "niri.action::move_window_to_monitor_previous() -> ()",
    "niri.action::move_window_to_monitor_right() -> ()",
    "niri.action::move_window_to_monitor_up() -> ()",
    "niri.action::move_window_to_tiling() -> ()",
    "niri.action::move_window_to_workspace(reference: WorkspaceReference) -> ()",
    "niri.action::move_window_to_workspace_down() -> ()",
    "niri.action::move_window_to_workspace_up() -> ()",
    "niri.action::move_window_up() -> ()",
    "niri.action::move_window_up_or_to_workspace_up() -> ()",
    "niri.action::move_workspace_down() -> ()",
    "niri.action::move_workspace_to_monitor(name: string) -> ()",
    "niri.action::move_workspace_to_monitor_down() -> ()",
    "niri.action::move_workspace_to_monitor_left() -> ()",
    "niri.action::move_workspace_to_monitor_next() -> ()",
    "niri.action::move_workspace_to_monitor_previous() -> ()",
    "niri.action::move_workspace_to_monitor_right() -> ()",
    "niri.action::move_workspace_to_monitor_up() -> ()",
    "niri.action::move_workspace_up() -> ()",
    "niri.action::open_overview() -> ()",
    "niri.action::power_off_monitors() -> ()",
    "niri.action::power_on_monitors() -> ()",
    "niri.action::quit(skip_confirmation: boolean) -> ()",
    "niri.action::reset_window_height() -> ()",
    "niri.action::screenshot() -> ()",
    "niri.action::screenshot_screen() -> ()",
    "niri.action::screenshot_window() -> ()",
    "niri.action::set_column_display(mode: \"normal\"|\"tabbed\") -> ()",
    "niri.action::set_column_width(change: SizeChange) -> ()",
    "niri.action::set_dynamic_cast_monitor(monitor: string?) -> ()",
    "niri.action::set_dynamic_cast_window(window_id: integer?) -> ()",
    "niri.action::set_window_height(change: SizeChange) -> ()",
    "niri.action::set_window_urgent() -> ()",
    "niri.action::set_window_width(change: SizeChange) -> ()",
    "niri.action::set_workspace_name(name: string) -> ()",
    "niri.action::show_hotkey_overlay() -> ()",
    "niri.action::spawn(command: string[], opts: SpawnOpts) -> (ProcessHandle?)",
    "niri.action::spawn_sh(command: string, opts: SpawnOpts) -> (ProcessHandle?)",
    "niri.action::swap_window_left() -> ()",
    "niri.action::swap_window_right() -> ()",
    "niri.action::switch_focus_between_floating_and_tiling() -> ()",
    "niri.action::switch_layout(target: LayoutSwitchTarget) -> ()",
    "niri.action::switch_preset_column_width() -> ()",
    "niri.action::switch_preset_column_width_reverse() -> ()",
    "niri.action::switch_preset_window_height() -> ()",
    "niri.action::switch_preset_window_height_reverse() -> ()",
    "niri.action::switch_preset_window_width() -> ()",
    "niri.action::switch_preset_window_width_reverse() -> ()",
    "niri.action::toggle_column_tabbed_display() -> ()",
    "niri.action::toggle_debug_tint() -> ()",
    "niri.action::toggle_keyboard_shortcuts_inhibit() -> ()",
    "niri.action::toggle_overview() -> ()",
    "niri.action::toggle_window_floating() -> ()",
    "niri.action::toggle_window_rule_opacity() -> ()",
    "niri.action::toggle_window_urgent() -> ()",
    "niri.action::toggle_windowed_fullscreen() -> ()",
    "niri.action::unset_window_urgent() -> ()",
    "niri.action::unset_workspace_name() -> ()",
    "niri.config::apply() -> ()",
    "niri.config::auto_apply(enable: boolean) -> ()",
    "niri.config::version() -> (string)",
    "niri.events::emit(event_name: string, data: table?) -> ()",
    "niri.events::off(event_or_map: string|HandlerIdMap, handler_id: EventHandlerId) -> (boolean|table<string, boolean>)",
    "niri.events::on(event_spec: EventSpec, callback: fun(event: table)) -> (EventHandlerId|HandlerIdMap)",
    "niri.events::once(event_spec: EventSpec, callback: fun(event: table)) -> (EventHandlerId|HandlerIdMap)",
    "niri.keymap::set(mode: string, key: string, callback: fun()) -> ()",
    "niri.loop::new_timer() -> (Timer)",
    "niri.loop::now() -> (integer)",
    "niri.os::arch() -> (string)",
    "niri.os::getenv(name: string) -> (string?)",
    "niri.os::home() -> (string?)",
    "niri.os::hostname() -> (string)",
    "niri.os::niri_cache_dir() -> (string)",
    "niri.os::niri_config_dir() -> (string)",
    "niri.os::niri_data_dir() -> (string)",
    "niri.os::niri_state_dir() -> (string)",
    "niri.os::platform() -> (string)",
    "niri.os::setenv(name: string, value: string?) -> ()",
    "niri.os::tmpdir() -> (string)",
    "niri.os::username() -> (string?)",
    "niri.os::xdg_cache_home() -> (string)",
    "niri.os::xdg_config_dirs() -> (string[])",
    "niri.os::xdg_config_home() -> (string)",
    "niri.os::xdg_data_dirs() -> (string[])",
    "niri.os::xdg_data_home() -> (string)",
    "niri.os::xdg_runtime_dir() -> (string?)",
    "niri.os::xdg_state_home() -> (string)",
    "niri.state::cursor_position() -> (CursorPosition?)",
    "niri.state::focus_mode() -> (FocusMode)",
    "niri.state::focused_window() -> (Window?)",
    "niri.state::keyboard_layouts() -> (KeyboardLayouts)",
    "niri.state::outputs() -> (Output[])",
    "niri.state::reserved_space(output_name: string) -> (ReservedSpace?)",
    "niri.state::windows() -> (Window[])",
    "niri.state::workspaces() -> (Workspace[])",
    "niri.utils::debug(...: any) -> ()",
    "niri.utils::error(...: any) -> ()",
    "niri.utils::log(...: any) -> ()",
    "niri.utils::spawn(command: string[]) -> ()",
    "niri.utils::warn(...: any) -> ()",
    "niri.window::rule(rule: table) -> ()",
    "niri::apply_config(config: table) -> ()",
    "niri::print(...: any) -> ()",
    "niri::schedule(callback: function) -> ()",
    "niri::version() -> (string)",
]
