---
source: niri-lua/src/api_registry.rs
assertion_line: 136
expression: stats
---
(
    (
        "modules",
        11,
    ),
    (
        "types",
        7,
    ),
    (
        "aliases",
        17,
    ),
    (
        "functions",
        161,
    ),
    (
        "methods",
        31,
    ),
    (
        "fields",
        32,
    ),
)
