---
source: niri-lua/src/api_registry.rs
expression: stats
---
(
    (
        "modules",
        13,
    ),
    (
        "types",
        8,
    ),
    (
        "aliases",
        20,
    ),
    (
        "functions",
        211,
    ),
    (
        "methods",
        36,
    ),
    (
        "fields",
        34,
    ),
)
